---
source: crates/nika-catalog/src/data/models.rs
expression: "rendered.join(\"\\n\")"
---
   anthropic / claude-opus-4-20250514                   → ModelCapabilities { token_limit_param: MaxTokens, supports_temperature: true, supports_stop_sequences: true, reasoning: true, input_modalities: [Text, Image, Pdf], output_modalities: [Text], tokenizer: Some(ClaudeV3), supported_parameters: [ThinkingBudget, PromptCaching, StreamingThinking], supports_system_messages: true, context_window_tokens: None, max_output_tokens: None, json_mode: Some(Schema) }
   anthropic / claude-sonnet-4-5-20250929               → ModelCapabilities { token_limit_param: MaxTokens, supports_temperature: true, supports_stop_sequences: true, reasoning: true, input_modalities: [Text, Image, Pdf], output_modalities: [Text], tokenizer: Some(ClaudeV3), supported_parameters: [ThinkingBudget, PromptCaching, StreamingThinking], supports_system_messages: true, context_window_tokens: None, max_output_tokens: None, json_mode: Some(Schema) }
   anthropic / claude-haiku-4-5-20251001                → ModelCapabilities { token_limit_param: MaxTokens, supports_temperature: true, supports_stop_sequences: true, reasoning: true, input_modalities: [Text, Image, Pdf], output_modalities: [Text], tokenizer: Some(ClaudeV3), supported_parameters: [ThinkingBudget, PromptCaching, StreamingThinking], supports_system_messages: true, context_window_tokens: None, max_output_tokens: None, json_mode: Some(Schema) }
      claude / claude-sonnet-4-20250514                 → ModelCapabilities { token_limit_param: MaxTokens, supports_temperature: true, supports_stop_sequences: true, reasoning: true, input_modalities: [Text, Image, Pdf], output_modalities: [Text], tokenizer: Some(ClaudeV3), supported_parameters: [ThinkingBudget, PromptCaching, StreamingThinking], supports_system_messages: true, context_window_tokens: None, max_output_tokens: None, json_mode: Some(Schema) }
      openai / gpt-4o                                   → ModelCapabilities { token_limit_param: MaxTokens, supports_temperature: true, supports_stop_sequences: true, reasoning: false, input_modalities: [Text, Image], output_modalities: [Text], tokenizer: Some(O200k), supported_parameters: [ParallelToolCalls], supports_system_messages: true, context_window_tokens: None, max_output_tokens: None, json_mode: Some(Schema) }
      openai / gpt-4o-mini                              → ModelCapabilities { token_limit_param: MaxTokens, supports_temperature: true, supports_stop_sequences: true, reasoning: false, input_modalities: [Text, Image], output_modalities: [Text], tokenizer: Some(O200k), supported_parameters: [ParallelToolCalls], supports_system_messages: true, context_window_tokens: None, max_output_tokens: None, json_mode: Some(Schema) }
      openai / gpt-4.1                                  → ModelCapabilities { token_limit_param: MaxTokens, supports_temperature: true, supports_stop_sequences: true, reasoning: false, input_modalities: [Text, Image], output_modalities: [Text], tokenizer: Some(O200k), supported_parameters: [ParallelToolCalls], supports_system_messages: true, context_window_tokens: None, max_output_tokens: None, json_mode: Some(Schema) }
      openai / o1                                       → ModelCapabilities { token_limit_param: MaxCompletionTokens, supports_temperature: false, supports_stop_sequences: true, reasoning: true, input_modalities: [Text, Image], output_modalities: [Text], tokenizer: Some(O200k), supported_parameters: [ReasoningEffort], supports_system_messages: false, context_window_tokens: None, max_output_tokens: None, json_mode: Some(Schema) }
      openai / o1-preview                               → ModelCapabilities { token_limit_param: MaxCompletionTokens, supports_temperature: false, supports_stop_sequences: true, reasoning: true, input_modalities: [Text], output_modalities: [Text], tokenizer: Some(O200k), supported_parameters: [ReasoningEffort], supports_system_messages: false, context_window_tokens: None, max_output_tokens: None, json_mode: Some(Schema) }
      openai / o3                                       → ModelCapabilities { token_limit_param: MaxCompletionTokens, supports_temperature: false, supports_stop_sequences: true, reasoning: true, input_modalities: [Text, Image], output_modalities: [Text], tokenizer: Some(O200k), supported_parameters: [ReasoningEffort], supports_system_messages: false, context_window_tokens: None, max_output_tokens: None, json_mode: Some(Schema) }
      openai / o3-mini                                  → ModelCapabilities { token_limit_param: MaxCompletionTokens, supports_temperature: false, supports_stop_sequences: true, reasoning: true, input_modalities: [Text], output_modalities: [Text], tokenizer: Some(O200k), supported_parameters: [ReasoningEffort], supports_system_messages: false, context_window_tokens: None, max_output_tokens: None, json_mode: Some(Schema) }
      openai / o4-mini                                  → ModelCapabilities { token_limit_param: MaxCompletionTokens, supports_temperature: false, supports_stop_sequences: false, reasoning: true, input_modalities: [Text, Image], output_modalities: [Text], tokenizer: Some(O200k), supported_parameters: [ReasoningEffort, WebSearch], supports_system_messages: false, context_window_tokens: None, max_output_tokens: None, json_mode: Some(Schema) }
      openai / gpt-5                                    → ModelCapabilities { token_limit_param: MaxCompletionTokens, supports_temperature: true, supports_stop_sequences: true, reasoning: true, input_modalities: [Text, Image], output_modalities: [Text], tokenizer: Some(O200k), supported_parameters: [ParallelToolCalls], supports_system_messages: true, context_window_tokens: None, max_output_tokens: None, json_mode: Some(Schema) }
      openai / gpt-5-turbo                              → ModelCapabilities { token_limit_param: MaxCompletionTokens, supports_temperature: true, supports_stop_sequences: true, reasoning: true, input_modalities: [Text, Image], output_modalities: [Text], tokenizer: Some(O200k), supported_parameters: [ParallelToolCalls], supports_system_messages: true, context_window_tokens: None, max_output_tokens: None, json_mode: Some(Schema) }
      openai / gpt-5.1                                  → ModelCapabilities { token_limit_param: MaxCompletionTokens, supports_temperature: true, supports_stop_sequences: true, reasoning: true, input_modalities: [Text, Image], output_modalities: [Text], tokenizer: Some(O200k), supported_parameters: [ParallelToolCalls], supports_system_messages: true, context_window_tokens: None, max_output_tokens: None, json_mode: Some(Schema) }
  openrouter / o3                                       → ModelCapabilities { token_limit_param: MaxCompletionTokens, supports_temperature: false, supports_stop_sequences: true, reasoning: true, input_modalities: [Text, Image], output_modalities: [Text], tokenizer: Some(O200k), supported_parameters: [ReasoningEffort], supports_system_messages: false, context_window_tokens: None, max_output_tokens: None, json_mode: Some(Schema) }
  openrouter / anthropic/claude-sonnet-4-5-20250929     → ModelCapabilities { token_limit_param: MaxTokens, supports_temperature: true, supports_stop_sequences: true, reasoning: true, input_modalities: [Text, Image, Pdf], output_modalities: [Text], tokenizer: Some(ClaudeV3), supported_parameters: [ThinkingBudget, PromptCaching], supports_system_messages: true, context_window_tokens: None, max_output_tokens: None, json_mode: Some(Schema) }
     mistral / mistral-large-latest                     → ModelCapabilities { token_limit_param: MaxTokens, supports_temperature: true, supports_stop_sequences: true, reasoning: false, input_modalities: [Text, Image], output_modalities: [Text], tokenizer: Some(MistralV3), supported_parameters: [], supports_system_messages: true, context_window_tokens: None, max_output_tokens: None, json_mode: Some(Schema) }
        groq / llama-3.3-70b-versatile                  → ModelCapabilities { token_limit_param: MaxTokens, supports_temperature: true, supports_stop_sequences: true, reasoning: false, input_modalities: [Text], output_modalities: [Text], tokenizer: Some(LlamaV3), supported_parameters: [ParallelToolCalls], supports_system_messages: true, context_window_tokens: None, max_output_tokens: None, json_mode: Some(Schema) }
    deepseek / deepseek-chat                            → ModelCapabilities { token_limit_param: MaxTokens, supports_temperature: true, supports_stop_sequences: true, reasoning: false, input_modalities: [Text], output_modalities: [Text], tokenizer: Some(DeepSeek), supported_parameters: [ParallelToolCalls], supports_system_messages: true, context_window_tokens: None, max_output_tokens: None, json_mode: Some(Object) }
    deepseek / deepseek-reasoner                        → ModelCapabilities { token_limit_param: MaxTokens, supports_temperature: false, supports_stop_sequences: true, reasoning: true, input_modalities: [Text], output_modalities: [Text], tokenizer: Some(DeepSeek), supported_parameters: [], supports_system_messages: true, context_window_tokens: None, max_output_tokens: None, json_mode: Some(Object) }
   deep-seek / deepseek-chat                            → ModelCapabilities { token_limit_param: MaxTokens, supports_temperature: true, supports_stop_sequences: true, reasoning: false, input_modalities: [Text], output_modalities: [Text], tokenizer: Some(DeepSeek), supported_parameters: [ParallelToolCalls], supports_system_messages: true, context_window_tokens: None, max_output_tokens: None, json_mode: Some(Object) }
      gemini / gemini-2.5-pro                           → ModelCapabilities { token_limit_param: MaxTokens, supports_temperature: true, supports_stop_sequences: true, reasoning: true, input_modalities: [Text, Image, Audio, Video, Pdf], output_modalities: [Text], tokenizer: Some(Gemini), supported_parameters: [WebSearch], supports_system_messages: true, context_window_tokens: None, max_output_tokens: None, json_mode: Some(Schema) }
         xai / grok-3                                   → ModelCapabilities { token_limit_param: MaxTokens, supports_temperature: true, supports_stop_sequences: true, reasoning: false, input_modalities: [Text], output_modalities: [Text], tokenizer: Some(Grok), supported_parameters: [], supports_system_messages: true, context_window_tokens: None, max_output_tokens: None, json_mode: Some(Schema) }
         xai / grok-4                                   → ModelCapabilities { token_limit_param: MaxTokens, supports_temperature: false, supports_stop_sequences: false, reasoning: true, input_modalities: [Text, Image], output_modalities: [Text], tokenizer: Some(Grok), supported_parameters: [], supports_system_messages: true, context_window_tokens: None, max_output_tokens: None, json_mode: Some(Schema) }
        grok / grok-4                                   → ModelCapabilities { token_limit_param: MaxTokens, supports_temperature: false, supports_stop_sequences: false, reasoning: true, input_modalities: [Text, Image], output_modalities: [Text], tokenizer: Some(Grok), supported_parameters: [], supports_system_messages: true, context_window_tokens: None, max_output_tokens: None, json_mode: Some(Schema) }
      cohere / command-r-plus                           → ModelCapabilities { token_limit_param: MaxTokens, supports_temperature: true, supports_stop_sequences: true, reasoning: false, input_modalities: [Text], output_modalities: [Text], tokenizer: None, supported_parameters: [ParallelToolCalls], supports_system_messages: true, context_window_tokens: None, max_output_tokens: None, json_mode: None }
     bedrock / anthropic.claude-sonnet-4-20250514-v1:0  → ModelCapabilities { token_limit_param: MaxTokens, supports_temperature: true, supports_stop_sequences: true, reasoning: true, input_modalities: [Text, Image, Pdf], output_modalities: [Text], tokenizer: Some(ClaudeV3), supported_parameters: [ThinkingBudget, PromptCaching], supports_system_messages: true, context_window_tokens: None, max_output_tokens: None, json_mode: Some(Schema) }
       azure / gpt-4o                                   → ModelCapabilities { token_limit_param: MaxTokens, supports_temperature: true, supports_stop_sequences: true, reasoning: false, input_modalities: [Text, Image], output_modalities: [Text], tokenizer: Some(O200k), supported_parameters: [ParallelToolCalls], supports_system_messages: true, context_window_tokens: None, max_output_tokens: None, json_mode: Some(Schema) }
      native / Qwen/Qwen3-8B                            → ModelCapabilities { token_limit_param: MaxTokens, supports_temperature: true, supports_stop_sequences: true, reasoning: false, input_modalities: [Text], output_modalities: [Text], tokenizer: None, supported_parameters: [], supports_system_messages: true, context_window_tokens: None, max_output_tokens: None, json_mode: None }
     unknown / unknown-model                            → ModelCapabilities { token_limit_param: MaxTokens, supports_temperature: true, supports_stop_sequences: true, reasoning: false, input_modalities: [Text, Image], output_modalities: [Text], tokenizer: None, supported_parameters: [], supports_system_messages: true, context_window_tokens: None, max_output_tokens: None, json_mode: None }
