---
source: nika-engine/src/runtime/runner/tests_golden_verbs.rs
expression: "golden_snapshot(&runner, \"log_message\")"
---
lifecycle:
  - WorkflowStarted
  - TaskScheduled(log_message)
  - TaskStarted(log_message)
  - TaskCompleted(log_message)
  - WorkflowCompleted
output: "{\"logged\":true,\"level\":\"info\",\"message\":\"golden invoke fixture\"}"
