---
source: "../nika-og/tests/v7_task_context_tests.rs"
expression: redacted
---
{
  "correlation_id": "<redacted>",
  "epistemic_hints": {
    "collapse_risk": "low",
    "evidence_level": "unknown",
    "uncertainty": 0.0
  },
  "kind": "agent",
  "resolved_inputs": {
    "input_key": "input_value",
    "nested": {
      "a": 1
    }
  },
  "run_id": "<redacted>",
  "scope_view": {
    "dag_mode": "position",
    "preset": "default",
    "state_mode": "none",
    "transcript_mode": "self"
  },
  "task_id": "snapshot-task"
}
